// Jest Snapshot v1, https://goo.gl/fbAQLP

exports[`Player matches to the snapshot 1`] = `
<AnimatedComponent
  style={
    Array [
      Object {
        "position": "absolute",
      },
      Object {
        "bottom": "33.4%",
        "left": "43.4%",
      },
    ]
  }
>
  <View
    style={
      Object {
        "alignItems": "center",
        "borderColor": "#00B4CC",
        "borderRadius": 100,
        "borderWidth": 1,
        "height": 35,
        "justifyContent": "center",
        "width": 35,
      }
    }
  >
    <View
      style={
        Object {
          "alignItems": "center",
          "backgroundColor": "#00B4CC",
          "borderRadius": 100,
          "height": "80%",
          "justifyContent": "center",
          "width": "80%",
        }
      }
    >
      <Text
        style={
          Object {
            "color": "#F6F6F6",
            "fontSize": 14,
          }
        }
      >
        0
      </Text>
    </View>
  </View>
</AnimatedComponent>
`;
